### flow_ep10_INzero
### zero_ep10_INzero
  [정적 입력 = zero]
  배경           raw 1.0000 · centered +0.0000 · 잔차 장면검색 0.107 (우연 0.040, 2.7배)
  움직임          raw 0.9995 · centered -0.0131 · 잔차 장면검색 0.607 (우연 0.040, 15.3배)
  외형           raw 0.7160 · centered -0.0167 · 잔차 장면검색 0.804 (우연 0.040, 20.3배)
### flow_ep10_INdup
  [정적 입력 = zero]
  배경           raw 1.0000 · centered +0.0000 · 잔차 장면검색 0.107 (우연 0.040, 2.7배)
  움직임          raw 0.9996 · centered -0.0117 · 잔차 장면검색 0.554 (우연 0.040, 14.0배)
  외형           raw 0.7195 · centered -0.0170 · 잔차 장면검색 0.804 (우연 0.040, 20.3배)
### zero_ep10_INflow
  [정적 입력 = duplicate]
  배경           raw 0.9979 · centered -0.0120 · 잔차 장면검색 0.804 (우연 0.040, 20.3배)
  움직임          raw 0.9995 · centered -0.0131 · 잔차 장면검색 0.607 (우연 0.040, 15.3배)
  외형           raw 0.7160 · centered -0.0167 · 잔차 장면검색 0.804 (우연 0.040, 20.3배)
  [정적 입력 = flow]
  배경           raw 0.9995 · centered -0.0098 · 잔차 장면검색 0.804 (우연 0.040, 20.3배)
  움직임          raw 0.9996 · centered -0.0117 · 잔차 장면검색 0.554 (우연 0.040, 14.0배)
  외형           raw 0.7195 · centered -0.0170 · 잔차 장면검색 0.804 (우연 0.040, 20.3배)
완료
